Archive member included because of file (symbol)

f:/imt/embedded avr diploma/avr-ide/imt_sdk_win_64/winavr/bin/../lib/gcc/avr/4.3.3/avr5\libgcc.a(_udivmodhi4.o)
                              ./MCAL/Timer_V2/Timer_prg.o (__udivmodhi4)
f:/imt/embedded avr diploma/avr-ide/imt_sdk_win_64/winavr/bin/../lib/gcc/avr/4.3.3/avr5\libgcc.a(_udivmodsi4.o)
                              ./HAL/LCD_Handler/LCD_Prg.o (__udivmodsi4)
f:/imt/embedded avr diploma/avr-ide/imt_sdk_win_64/winavr/bin/../lib/gcc/avr/4.3.3/avr5\libgcc.a(_exit.o)
                              f:/imt/embedded avr diploma/avr-ide/imt_sdk_win_64/winavr/bin/../lib/gcc/avr/4.3.3/../../../../avr/lib/avr5/crtm32.o (exit)
f:/imt/embedded avr diploma/avr-ide/imt_sdk_win_64/winavr/bin/../lib/gcc/avr/4.3.3/avr5\libgcc.a(_copy_data.o)
                              ./HAL/KeyPad_Handler/KeyPad_cfg.o (__do_copy_data)
f:/imt/embedded avr diploma/avr-ide/imt_sdk_win_64/winavr/bin/../lib/gcc/avr/4.3.3/avr5\libgcc.a(_clear_bss.o)
                              ./MCAL/Timer_V2/Timer_prg.o (__do_clear_bss)
f:/imt/embedded avr diploma/avr-ide/imt_sdk_win_64/winavr/bin/../lib/gcc/avr/4.3.3/avr5\libgcc.a(_fixunssfsi.o)
                              ./HAL/LCD_Handler/LCD_Prg.o (__fixunssfsi)
f:/imt/embedded avr diploma/avr-ide/imt_sdk_win_64/winavr/bin/../lib/gcc/avr/4.3.3/avr5\libgcc.a(_addsub_sf.o)
                              f:/imt/embedded avr diploma/avr-ide/imt_sdk_win_64/winavr/bin/../lib/gcc/avr/4.3.3/avr5\libgcc.a(_fixunssfsi.o) (__subsf3)
f:/imt/embedded avr diploma/avr-ide/imt_sdk_win_64/winavr/bin/../lib/gcc/avr/4.3.3/avr5\libgcc.a(_mul_sf.o)
                              ./HAL/LCD_Handler/LCD_Prg.o (__mulsf3)
f:/imt/embedded avr diploma/avr-ide/imt_sdk_win_64/winavr/bin/../lib/gcc/avr/4.3.3/avr5\libgcc.a(_div_sf.o)
                              ./HAL/LCD_Handler/LCD_Prg.o (__divsf3)
f:/imt/embedded avr diploma/avr-ide/imt_sdk_win_64/winavr/bin/../lib/gcc/avr/4.3.3/avr5\libgcc.a(_gt_sf.o)
                              ./HAL/LCD_Handler/LCD_Prg.o (__gtsf2)
f:/imt/embedded avr diploma/avr-ide/imt_sdk_win_64/winavr/bin/../lib/gcc/avr/4.3.3/avr5\libgcc.a(_ge_sf.o)
                              f:/imt/embedded avr diploma/avr-ide/imt_sdk_win_64/winavr/bin/../lib/gcc/avr/4.3.3/avr5\libgcc.a(_fixunssfsi.o) (__gesf2)
f:/imt/embedded avr diploma/avr-ide/imt_sdk_win_64/winavr/bin/../lib/gcc/avr/4.3.3/avr5\libgcc.a(_lt_sf.o)
                              ./HAL/LCD_Handler/LCD_Prg.o (__ltsf2)
f:/imt/embedded avr diploma/avr-ide/imt_sdk_win_64/winavr/bin/../lib/gcc/avr/4.3.3/avr5\libgcc.a(_sf_to_si.o)
                              f:/imt/embedded avr diploma/avr-ide/imt_sdk_win_64/winavr/bin/../lib/gcc/avr/4.3.3/avr5\libgcc.a(_fixunssfsi.o) (__fixsfsi)
f:/imt/embedded avr diploma/avr-ide/imt_sdk_win_64/winavr/bin/../lib/gcc/avr/4.3.3/avr5\libgcc.a(_thenan_sf.o)
                              f:/imt/embedded avr diploma/avr-ide/imt_sdk_win_64/winavr/bin/../lib/gcc/avr/4.3.3/avr5\libgcc.a(_addsub_sf.o) (__thenan_sf)
f:/imt/embedded avr diploma/avr-ide/imt_sdk_win_64/winavr/bin/../lib/gcc/avr/4.3.3/avr5\libgcc.a(_prologue.o)
                              f:/imt/embedded avr diploma/avr-ide/imt_sdk_win_64/winavr/bin/../lib/gcc/avr/4.3.3/avr5\libgcc.a(_addsub_sf.o) (__prologue_saves__)
f:/imt/embedded avr diploma/avr-ide/imt_sdk_win_64/winavr/bin/../lib/gcc/avr/4.3.3/avr5\libgcc.a(_epilogue.o)
                              f:/imt/embedded avr diploma/avr-ide/imt_sdk_win_64/winavr/bin/../lib/gcc/avr/4.3.3/avr5\libgcc.a(_addsub_sf.o) (__epilogue_restores__)
f:/imt/embedded avr diploma/avr-ide/imt_sdk_win_64/winavr/bin/../lib/gcc/avr/4.3.3/avr5\libgcc.a(_pack_sf.o)
                              f:/imt/embedded avr diploma/avr-ide/imt_sdk_win_64/winavr/bin/../lib/gcc/avr/4.3.3/avr5\libgcc.a(_addsub_sf.o) (__pack_f)
f:/imt/embedded avr diploma/avr-ide/imt_sdk_win_64/winavr/bin/../lib/gcc/avr/4.3.3/avr5\libgcc.a(_unpack_sf.o)
                              f:/imt/embedded avr diploma/avr-ide/imt_sdk_win_64/winavr/bin/../lib/gcc/avr/4.3.3/avr5\libgcc.a(_addsub_sf.o) (__unpack_f)
f:/imt/embedded avr diploma/avr-ide/imt_sdk_win_64/winavr/bin/../lib/gcc/avr/4.3.3/avr5\libgcc.a(_fpcmp_parts_sf.o)
                              f:/imt/embedded avr diploma/avr-ide/imt_sdk_win_64/winavr/bin/../lib/gcc/avr/4.3.3/avr5\libgcc.a(_gt_sf.o) (__fpcmp_parts_f)

Allocating common symbols
Common symbol       size              file

EN_Reg              0x1               ./MCAL/EXTINT_V1/EXTINT_Prg.o
Temp_Reg            0x1               ./MCAL/EXTINT_V1/EXTINT_Prg.o
TIMER_ISR           0x10              ./MCAL/Timer_V2/Timer_prg.o
EXTINT_ISR          0x6               ./MCAL/EXTINT_V1/EXTINT_Prg.o

Memory Configuration

Name             Origin             Length             Attributes
text             0x00000000         0x00020000         xr
data             0x00800060         0x0000ffa0         rw !x
eeprom           0x00810000         0x00010000         rw !x
fuse             0x00820000         0x00000400         rw !x
lock             0x00830000         0x00000400         rw !x
signature        0x00840000         0x00000400         rw !x
*default*        0x00000000         0xffffffff

Linker script and memory map

LOAD f:/imt/embedded avr diploma/avr-ide/imt_sdk_win_64/winavr/bin/../lib/gcc/avr/4.3.3/../../../../avr/lib/avr5/crtm32.o
LOAD ./MCAL/Timer_V2/Timer_prg.o
LOAD ./MCAL/EXTINT_V1/EXTINT_Prg.o
LOAD ./MCAL/DIO_V1/DIO_Prg.o
LOAD ./HAL/LCD_Handler/LCD_Prg.o
LOAD ./HAL/KeyPad_Handler/KeyPad_cfg.o
LOAD ./HAL/KeyPad_Handler/KeyPad_prg.o
LOAD ./App/main.o
LOAD f:/imt/embedded avr diploma/avr-ide/imt_sdk_win_64/winavr/bin/../lib/gcc/avr/4.3.3/avr5\libgcc.a
LOAD f:/imt/embedded avr diploma/avr-ide/imt_sdk_win_64/winavr/bin/../lib/gcc/avr/4.3.3/../../../../avr/lib/avr5\libc.a
LOAD f:/imt/embedded avr diploma/avr-ide/imt_sdk_win_64/winavr/bin/../lib/gcc/avr/4.3.3/avr5\libgcc.a

.hash
 *(.hash)

.dynsym
 *(.dynsym)

.dynstr
 *(.dynstr)

.gnu.version
 *(.gnu.version)

.gnu.version_d
 *(.gnu.version_d)

.gnu.version_r
 *(.gnu.version_r)

.rel.init
 *(.rel.init)

.rela.init
 *(.rela.init)

.rel.text
 *(.rel.text)
 *(.rel.text.*)
 *(.rel.gnu.linkonce.t*)

.rela.text
 *(.rela.text)
 *(.rela.text.*)
 *(.rela.gnu.linkonce.t*)

.rel.fini
 *(.rel.fini)

.rela.fini
 *(.rela.fini)

.rel.rodata
 *(.rel.rodata)
 *(.rel.rodata.*)
 *(.rel.gnu.linkonce.r*)

.rela.rodata
 *(.rela.rodata)
 *(.rela.rodata.*)
 *(.rela.gnu.linkonce.r*)

.rel.data
 *(.rel.data)
 *(.rel.data.*)
 *(.rel.gnu.linkonce.d*)

.rela.data
 *(.rela.data)
 *(.rela.data.*)
 *(.rela.gnu.linkonce.d*)

.rel.ctors
 *(.rel.ctors)

.rela.ctors
 *(.rela.ctors)

.rel.dtors
 *(.rel.dtors)

.rela.dtors
 *(.rela.dtors)

.rel.got
 *(.rel.got)

.rela.got
 *(.rela.got)

.rel.bss
 *(.rel.bss)

.rela.bss
 *(.rela.bss)

.rel.plt
 *(.rel.plt)

.rela.plt
 *(.rela.plt)

.text           0x00000000     0x40de
 *(.vectors)
 .vectors       0x00000000       0x54 f:/imt/embedded avr diploma/avr-ide/imt_sdk_win_64/winavr/bin/../lib/gcc/avr/4.3.3/../../../../avr/lib/avr5/crtm32.o
                0x00000000                __vectors
                0x00000000                __vector_default
 *(.vectors)
 *(.progmem.gcc*)
 *(.progmem*)
                0x00000054                . = ALIGN (0x2)
                0x00000054                __trampolines_start = .
 *(.trampolines)
 .trampolines   0x00000054        0x0 linker stubs
 *(.trampolines*)
                0x00000054                __trampolines_end = .
 *(.jumptables)
 *(.jumptables*)
 *(.lowtext)
 *(.lowtext*)
                0x00000054                __ctors_start = .
 *(.ctors)
                0x00000054                __ctors_end = .
                0x00000054                __dtors_start = .
 *(.dtors)
                0x00000054                __dtors_end = .
 SORT(*)(.ctors)
 SORT(*)(.dtors)
 *(.init0)
 .init0         0x00000054        0x0 f:/imt/embedded avr diploma/avr-ide/imt_sdk_win_64/winavr/bin/../lib/gcc/avr/4.3.3/../../../../avr/lib/avr5/crtm32.o
                0x00000054                __init
 *(.init0)
 *(.init1)
 *(.init1)
 *(.init2)
 .init2         0x00000054        0xc f:/imt/embedded avr diploma/avr-ide/imt_sdk_win_64/winavr/bin/../lib/gcc/avr/4.3.3/../../../../avr/lib/avr5/crtm32.o
 *(.init2)
 *(.init3)
 *(.init3)
 *(.init4)
 .init4         0x00000060       0x16 f:/imt/embedded avr diploma/avr-ide/imt_sdk_win_64/winavr/bin/../lib/gcc/avr/4.3.3/avr5\libgcc.a(_copy_data.o)
                0x00000060                __do_copy_data
 .init4         0x00000076       0x10 f:/imt/embedded avr diploma/avr-ide/imt_sdk_win_64/winavr/bin/../lib/gcc/avr/4.3.3/avr5\libgcc.a(_clear_bss.o)
                0x00000076                __do_clear_bss
 *(.init4)
 *(.init5)
 *(.init5)
 *(.init6)
 *(.init6)
 *(.init7)
 *(.init7)
 *(.init8)
 *(.init8)
 *(.init9)
 .init9         0x00000086        0x8 f:/imt/embedded avr diploma/avr-ide/imt_sdk_win_64/winavr/bin/../lib/gcc/avr/4.3.3/../../../../avr/lib/avr5/crtm32.o
 *(.init9)
 *(.text)
 .text          0x0000008e        0x4 f:/imt/embedded avr diploma/avr-ide/imt_sdk_win_64/winavr/bin/../lib/gcc/avr/4.3.3/../../../../avr/lib/avr5/crtm32.o
                0x0000008e                __vector_12
                0x0000008e                __bad_interrupt
                0x0000008e                __vector_13
                0x0000008e                __vector_17
                0x0000008e                __vector_19
                0x0000008e                __vector_15
                0x0000008e                __vector_14
                0x0000008e                __vector_16
                0x0000008e                __vector_18
                0x0000008e                __vector_20
 .text          0x00000092        0x0 ./MCAL/Timer_V2/Timer_prg.o
 .text          0x00000092        0x0 ./MCAL/EXTINT_V1/EXTINT_Prg.o
 .text          0x00000092        0x0 ./MCAL/DIO_V1/DIO_Prg.o
 .text          0x00000092        0x0 ./HAL/LCD_Handler/LCD_Prg.o
 .text          0x00000092        0x0 ./HAL/KeyPad_Handler/KeyPad_cfg.o
 .text          0x00000092        0x0 ./HAL/KeyPad_Handler/KeyPad_prg.o
 .text          0x00000092        0x0 ./App/main.o
 .text          0x00000092        0x0 f:/imt/embedded avr diploma/avr-ide/imt_sdk_win_64/winavr/bin/../lib/gcc/avr/4.3.3/avr5\libgcc.a(_udivmodhi4.o)
 .text          0x00000092        0x0 f:/imt/embedded avr diploma/avr-ide/imt_sdk_win_64/winavr/bin/../lib/gcc/avr/4.3.3/avr5\libgcc.a(_udivmodsi4.o)
 .text          0x00000092        0x0 f:/imt/embedded avr diploma/avr-ide/imt_sdk_win_64/winavr/bin/../lib/gcc/avr/4.3.3/avr5\libgcc.a(_exit.o)
 .text          0x00000092        0x0 f:/imt/embedded avr diploma/avr-ide/imt_sdk_win_64/winavr/bin/../lib/gcc/avr/4.3.3/avr5\libgcc.a(_copy_data.o)
 .text          0x00000092        0x0 f:/imt/embedded avr diploma/avr-ide/imt_sdk_win_64/winavr/bin/../lib/gcc/avr/4.3.3/avr5\libgcc.a(_clear_bss.o)
 .text          0x00000092       0x58 f:/imt/embedded avr diploma/avr-ide/imt_sdk_win_64/winavr/bin/../lib/gcc/avr/4.3.3/avr5\libgcc.a(_fixunssfsi.o)
                0x00000092                __fixunssfsi
 .text          0x000000ea      0x354 f:/imt/embedded avr diploma/avr-ide/imt_sdk_win_64/winavr/bin/../lib/gcc/avr/4.3.3/avr5\libgcc.a(_addsub_sf.o)
                0x00000382                __subsf3
                0x000003e4                __addsf3
 .text          0x0000043e      0x1f4 f:/imt/embedded avr diploma/avr-ide/imt_sdk_win_64/winavr/bin/../lib/gcc/avr/4.3.3/avr5\libgcc.a(_mul_sf.o)
                0x0000043e                __mulsf3
 .text          0x00000632      0x158 f:/imt/embedded avr diploma/avr-ide/imt_sdk_win_64/winavr/bin/../lib/gcc/avr/4.3.3/avr5\libgcc.a(_div_sf.o)
                0x00000632                __divsf3
 .text          0x0000078a       0x60 f:/imt/embedded avr diploma/avr-ide/imt_sdk_win_64/winavr/bin/../lib/gcc/avr/4.3.3/avr5\libgcc.a(_gt_sf.o)
                0x0000078a                __gtsf2
 .text          0x000007ea       0x60 f:/imt/embedded avr diploma/avr-ide/imt_sdk_win_64/winavr/bin/../lib/gcc/avr/4.3.3/avr5\libgcc.a(_ge_sf.o)
                0x000007ea                __gesf2
 .text          0x0000084a       0x60 f:/imt/embedded avr diploma/avr-ide/imt_sdk_win_64/winavr/bin/../lib/gcc/avr/4.3.3/avr5\libgcc.a(_lt_sf.o)
                0x0000084a                __ltsf2
 .text          0x000008aa       0xa8 f:/imt/embedded avr diploma/avr-ide/imt_sdk_win_64/winavr/bin/../lib/gcc/avr/4.3.3/avr5\libgcc.a(_sf_to_si.o)
                0x000008aa                __fixsfsi
 .text          0x00000952        0x0 f:/imt/embedded avr diploma/avr-ide/imt_sdk_win_64/winavr/bin/../lib/gcc/avr/4.3.3/avr5\libgcc.a(_thenan_sf.o)
 .text          0x00000952        0x0 f:/imt/embedded avr diploma/avr-ide/imt_sdk_win_64/winavr/bin/../lib/gcc/avr/4.3.3/avr5\libgcc.a(_prologue.o)
 .text          0x00000952        0x0 f:/imt/embedded avr diploma/avr-ide/imt_sdk_win_64/winavr/bin/../lib/gcc/avr/4.3.3/avr5\libgcc.a(_epilogue.o)
 .text          0x00000952      0x1aa f:/imt/embedded avr diploma/avr-ide/imt_sdk_win_64/winavr/bin/../lib/gcc/avr/4.3.3/avr5\libgcc.a(_pack_sf.o)
                0x00000952                __pack_f
 .text          0x00000afc       0xf0 f:/imt/embedded avr diploma/avr-ide/imt_sdk_win_64/winavr/bin/../lib/gcc/avr/4.3.3/avr5\libgcc.a(_unpack_sf.o)
                0x00000afc                __unpack_f
 .text          0x00000bec       0xb2 f:/imt/embedded avr diploma/avr-ide/imt_sdk_win_64/winavr/bin/../lib/gcc/avr/4.3.3/avr5\libgcc.a(_fpcmp_parts_sf.o)
                0x00000bec                __fpcmp_parts_f
                0x00000c9e                . = ALIGN (0x2)
 *(.text.*)
 .text.Set_CallBack_TIMER_0_OVF_INT
                0x00000c9e       0x2c ./MCAL/Timer_V2/Timer_prg.o
                0x00000c9e                Set_CallBack_TIMER_0_OVF_INT
 .text.__vector_11
                0x00000cca       0x66 ./MCAL/Timer_V2/Timer_prg.o
                0x00000cca                __vector_11
 .text.Set_CallBack_TIMER_0_OC_INT
                0x00000d30       0x2c ./MCAL/Timer_V2/Timer_prg.o
                0x00000d30                Set_CallBack_TIMER_0_OC_INT
 .text.__vector_10
                0x00000d5c       0x66 ./MCAL/Timer_V2/Timer_prg.o
                0x00000d5c                __vector_10
 .text.Set_CallBack_TIMER_1_OVF_INT
                0x00000dc2       0x2c ./MCAL/Timer_V2/Timer_prg.o
                0x00000dc2                Set_CallBack_TIMER_1_OVF_INT
 .text.__vector_9
                0x00000dee       0x66 ./MCAL/Timer_V2/Timer_prg.o
                0x00000dee                __vector_9
 .text.Set_CallBack_TIMER_1_OCA_INT
                0x00000e54       0x2c ./MCAL/Timer_V2/Timer_prg.o
                0x00000e54                Set_CallBack_TIMER_1_OCA_INT
 .text.__vector_7
                0x00000e80       0x66 ./MCAL/Timer_V2/Timer_prg.o
                0x00000e80                __vector_7
 .text.Set_CallBack_TIMER_1_OCB_INT
                0x00000ee6       0x2c ./MCAL/Timer_V2/Timer_prg.o
                0x00000ee6                Set_CallBack_TIMER_1_OCB_INT
 .text.__vector_8
                0x00000f12       0x66 ./MCAL/Timer_V2/Timer_prg.o
                0x00000f12                __vector_8
 .text.Set_CallBack_TIMER_1_CAPT_INT
                0x00000f78       0x2c ./MCAL/Timer_V2/Timer_prg.o
                0x00000f78                Set_CallBack_TIMER_1_CAPT_INT
 .text.__vector_6
                0x00000fa4       0x66 ./MCAL/Timer_V2/Timer_prg.o
                0x00000fa4                __vector_6
 .text.Set_CallBack_TIMER_2_OVF_INT
                0x0000100a       0x2c ./MCAL/Timer_V2/Timer_prg.o
                0x0000100a                Set_CallBack_TIMER_2_OVF_INT
 .text.__vector_5
                0x00001036       0x66 ./MCAL/Timer_V2/Timer_prg.o
                0x00001036                __vector_5
 .text.Set_CallBack_TIMER_2_OC_INT
                0x0000109c       0x2c ./MCAL/Timer_V2/Timer_prg.o
                0x0000109c                Set_CallBack_TIMER_2_OC_INT
 .text.__vector_4
                0x000010c8       0x66 ./MCAL/Timer_V2/Timer_prg.o
                0x000010c8                __vector_4
 .text.Timer_init
                0x0000112e      0x234 ./MCAL/Timer_V2/Timer_prg.o
                0x0000112e                Timer_init
 .text.change_compared_and_duty_value
                0x00001362       0x98 ./MCAL/Timer_V2/Timer_prg.o
                0x00001362                change_compared_and_duty_value
 .text.Timer_DeInit
                0x000013fa       0xee ./MCAL/Timer_V2/Timer_prg.o
                0x000013fa                Timer_DeInit
 .text.clear_timer
                0x000014e8       0x86 ./MCAL/Timer_V2/Timer_prg.o
                0x000014e8                clear_timer
 .text.PWM_timers_init
                0x0000156e      0x2e4 ./MCAL/Timer_V2/Timer_prg.o
                0x0000156e                PWM_timers_init
 .text.Global_VidINTEnable
                0x00001852       0x1c ./MCAL/Timer_V2/Timer_prg.o
                0x00001852                Global_VidINTEnable
 .text.Global_VidINTDisable
                0x0000186e       0x1c ./MCAL/Timer_V2/Timer_prg.o
                0x0000186e                Global_VidINTDisable
 .text.Set_CallBack_EXTINT_0
                0x0000188a       0x2c ./MCAL/EXTINT_V1/EXTINT_Prg.o
                0x0000188a                Set_CallBack_EXTINT_0
 .text.__vector_1
                0x000018b6       0x66 ./MCAL/EXTINT_V1/EXTINT_Prg.o
                0x000018b6                __vector_1
 .text.Set_CallBack_EXTINT_1
                0x0000191c       0x2c ./MCAL/EXTINT_V1/EXTINT_Prg.o
                0x0000191c                Set_CallBack_EXTINT_1
 .text.__vector_2
                0x00001948       0x66 ./MCAL/EXTINT_V1/EXTINT_Prg.o
                0x00001948                __vector_2
 .text.Set_CallBack_EXTINT_2
                0x000019ae       0x2c ./MCAL/EXTINT_V1/EXTINT_Prg.o
                0x000019ae                Set_CallBack_EXTINT_2
 .text.__vector_3
                0x000019da       0x66 ./MCAL/EXTINT_V1/EXTINT_Prg.o
                0x000019da                __vector_3
 .text.EXTINT_u8Enable
                0x00001a40       0x88 ./MCAL/EXTINT_V1/EXTINT_Prg.o
                0x00001a40                EXTINT_u8Enable
 .text.EXTINT_u8Disable
                0x00001ac8       0xa2 ./MCAL/EXTINT_V1/EXTINT_Prg.o
                0x00001ac8                EXTINT_u8Disable
 .text.EXTINT_u8SenseCtrl
                0x00001b6a       0xd6 ./MCAL/EXTINT_V1/EXTINT_Prg.o
                0x00001b6a                EXTINT_u8SenseCtrl
 .text.DIO_u8setPortDirection
                0x00001c40       0x90 ./MCAL/DIO_V1/DIO_Prg.o
                0x00001c40                DIO_u8setPortDirection
 .text.DIO_u8setPortValue
                0x00001cd0       0x90 ./MCAL/DIO_V1/DIO_Prg.o
                0x00001cd0                DIO_u8setPortValue
 .text.DIO_u8getPortValue
                0x00001d60       0xb4 ./MCAL/DIO_V1/DIO_Prg.o
                0x00001d60                DIO_u8getPortValue
 .text.DIO_u8setPinDirection
                0x00001e14      0x256 ./MCAL/DIO_V1/DIO_Prg.o
                0x00001e14                DIO_u8setPinDirection
 .text.DIO_u8setPinValue
                0x0000206a      0x256 ./MCAL/DIO_V1/DIO_Prg.o
                0x0000206a                DIO_u8setPinValue
 .text.DIO_u8togglePinValue
                0x000022c0      0x128 ./MCAL/DIO_V1/DIO_Prg.o
                0x000022c0                DIO_u8togglePinValue
 .text.DIO_u8getPinValue
                0x000023e8      0x136 ./MCAL/DIO_V1/DIO_Prg.o
                0x000023e8                DIO_u8getPinValue
 .text.PRV_voidEnableTriggerWrite
                0x0000251e      0x11e ./HAL/LCD_Handler/LCD_Prg.o
 .text.PRV_voidWriteHalfPort
                0x0000263c       0xb0 ./HAL/LCD_Handler/LCD_Prg.o
 .text.LCD_4_BitvidInit
                0x000026ec      0x5ea ./HAL/LCD_Handler/LCD_Prg.o
                0x000026ec                LCD_4_BitvidInit
 .text.LCD_4_BitvidsendCommand
                0x00002cd6       0x40 ./HAL/LCD_Handler/LCD_Prg.o
                0x00002cd6                LCD_4_BitvidsendCommand
 .text.LCD_4_BitvidwriteCharacter
                0x00002d16       0x40 ./HAL/LCD_Handler/LCD_Prg.o
                0x00002d16                LCD_4_BitvidwriteCharacter
 .text.LCD_8_BitvidInit
                0x00002d56      0x3f4 ./HAL/LCD_Handler/LCD_Prg.o
                0x00002d56                LCD_8_BitvidInit
 .text.LCD_8_BitvidsendCommand
                0x0000314a      0x220 ./HAL/LCD_Handler/LCD_Prg.o
                0x0000314a                LCD_8_BitvidsendCommand
 .text.LCD_8_BitvidwriteCharacter
                0x0000336a      0x220 ./HAL/LCD_Handler/LCD_Prg.o
                0x0000336a                LCD_8_BitvidwriteCharacter
 .text.LCD_8_BitvidreadCharacter
                0x0000358a      0x220 ./HAL/LCD_Handler/LCD_Prg.o
                0x0000358a                LCD_8_BitvidreadCharacter
 .text.LCD_8_BitvidwriteString
                0x000037aa       0x5a ./HAL/LCD_Handler/LCD_Prg.o
                0x000037aa                LCD_8_BitvidwriteString
 .text.LCD_4_BitvidwriteString
                0x00003804       0x5a ./HAL/LCD_Handler/LCD_Prg.o
                0x00003804                LCD_4_BitvidwriteString
 .text.LCD_8_BitvidGoToXY
                0x0000385e       0x3c ./HAL/LCD_Handler/LCD_Prg.o
                0x0000385e                LCD_8_BitvidGoToXY
 .text.LCD_4_BitvidGoToXY
                0x0000389a       0x3c ./HAL/LCD_Handler/LCD_Prg.o
                0x0000389a                LCD_4_BitvidGoToXY
 .text.LCD_8_BitvidwriteSpecialCharacter
                0x000038d6       0x82 ./HAL/LCD_Handler/LCD_Prg.o
                0x000038d6                LCD_8_BitvidwriteSpecialCharacter
 .text.LCD_8_BitvidwriteInt
                0x00003958       0xfa ./HAL/LCD_Handler/LCD_Prg.o
                0x00003958                LCD_8_BitvidwriteInt
 .text.LCD_4_BitvidwriteInt
                0x00003a52       0xfa ./HAL/LCD_Handler/LCD_Prg.o
                0x00003a52                LCD_4_BitvidwriteInt
 .text.KEYPAD_vidInit
                0x00003b4c       0xae ./HAL/KeyPad_Handler/KeyPad_prg.o
                0x00003b4c                KEYPAD_vidInit
 .text.KEYPAD_u8GetPressed
                0x00003bfa      0x286 ./HAL/KeyPad_Handler/KeyPad_prg.o
                0x00003bfa                KEYPAD_u8GetPressed
 .text.Angles_PWM
                0x00003e80       0xca ./App/main.o
                0x00003e80                Angles_PWM
 .text.main     0x00003f4a       0xb6 ./App/main.o
                0x00003f4a                main
 .text.libgcc   0x00004000       0x28 f:/imt/embedded avr diploma/avr-ide/imt_sdk_win_64/winavr/bin/../lib/gcc/avr/4.3.3/avr5\libgcc.a(_udivmodhi4.o)
                0x00004000                __udivmodhi4
 .text.libgcc   0x00004028       0x44 f:/imt/embedded avr diploma/avr-ide/imt_sdk_win_64/winavr/bin/../lib/gcc/avr/4.3.3/avr5\libgcc.a(_udivmodsi4.o)
                0x00004028                __udivmodsi4
 .text.libgcc   0x0000406c        0x0 f:/imt/embedded avr diploma/avr-ide/imt_sdk_win_64/winavr/bin/../lib/gcc/avr/4.3.3/avr5\libgcc.a(_exit.o)
 .text.libgcc   0x0000406c        0x0 f:/imt/embedded avr diploma/avr-ide/imt_sdk_win_64/winavr/bin/../lib/gcc/avr/4.3.3/avr5\libgcc.a(_copy_data.o)
 .text.libgcc   0x0000406c        0x0 f:/imt/embedded avr diploma/avr-ide/imt_sdk_win_64/winavr/bin/../lib/gcc/avr/4.3.3/avr5\libgcc.a(_clear_bss.o)
 .text.libgcc   0x0000406c       0x38 f:/imt/embedded avr diploma/avr-ide/imt_sdk_win_64/winavr/bin/../lib/gcc/avr/4.3.3/avr5\libgcc.a(_prologue.o)
                0x0000406c                __prologue_saves__
 .text.libgcc   0x000040a4       0x36 f:/imt/embedded avr diploma/avr-ide/imt_sdk_win_64/winavr/bin/../lib/gcc/avr/4.3.3/avr5\libgcc.a(_epilogue.o)
                0x000040a4                __epilogue_restores__
                0x000040da                . = ALIGN (0x2)
 *(.fini9)
 .fini9         0x000040da        0x0 f:/imt/embedded avr diploma/avr-ide/imt_sdk_win_64/winavr/bin/../lib/gcc/avr/4.3.3/avr5\libgcc.a(_exit.o)
                0x000040da                exit
                0x000040da                _exit
 *(.fini9)
 *(.fini8)
 *(.fini8)
 *(.fini7)
 *(.fini7)
 *(.fini6)
 *(.fini6)
 *(.fini5)
 *(.fini5)
 *(.fini4)
 *(.fini4)
 *(.fini3)
 *(.fini3)
 *(.fini2)
 *(.fini2)
 *(.fini1)
 *(.fini1)
 *(.fini0)
 .fini0         0x000040da        0x4 f:/imt/embedded avr diploma/avr-ide/imt_sdk_win_64/winavr/bin/../lib/gcc/avr/4.3.3/avr5\libgcc.a(_exit.o)
 *(.fini0)
                0x000040de                _etext = .

.data           0x00800060       0x4a load address 0x000040de
                0x00800060                PROVIDE (__data_start, .)
 *(.data)
 .data          0x00800060        0x0 f:/imt/embedded avr diploma/avr-ide/imt_sdk_win_64/winavr/bin/../lib/gcc/avr/4.3.3/../../../../avr/lib/avr5/crtm32.o
 .data          0x00800060        0x0 ./MCAL/Timer_V2/Timer_prg.o
 .data          0x00800060        0x0 ./MCAL/EXTINT_V1/EXTINT_Prg.o
 .data          0x00800060        0x0 ./MCAL/DIO_V1/DIO_Prg.o
 .data          0x00800060        0x0 ./HAL/LCD_Handler/LCD_Prg.o
 .data          0x00800060        0x0 ./HAL/KeyPad_Handler/KeyPad_cfg.o
 .data          0x00800060        0x0 ./HAL/KeyPad_Handler/KeyPad_prg.o
 .data          0x00800060       0x21 ./App/main.o
 .data          0x00800081        0x0 f:/imt/embedded avr diploma/avr-ide/imt_sdk_win_64/winavr/bin/../lib/gcc/avr/4.3.3/avr5\libgcc.a(_udivmodhi4.o)
 .data          0x00800081        0x0 f:/imt/embedded avr diploma/avr-ide/imt_sdk_win_64/winavr/bin/../lib/gcc/avr/4.3.3/avr5\libgcc.a(_udivmodsi4.o)
 .data          0x00800081        0x0 f:/imt/embedded avr diploma/avr-ide/imt_sdk_win_64/winavr/bin/../lib/gcc/avr/4.3.3/avr5\libgcc.a(_exit.o)
 .data          0x00800081        0x0 f:/imt/embedded avr diploma/avr-ide/imt_sdk_win_64/winavr/bin/../lib/gcc/avr/4.3.3/avr5\libgcc.a(_copy_data.o)
 .data          0x00800081        0x0 f:/imt/embedded avr diploma/avr-ide/imt_sdk_win_64/winavr/bin/../lib/gcc/avr/4.3.3/avr5\libgcc.a(_clear_bss.o)
 .data          0x00800081        0x0 f:/imt/embedded avr diploma/avr-ide/imt_sdk_win_64/winavr/bin/../lib/gcc/avr/4.3.3/avr5\libgcc.a(_fixunssfsi.o)
 .data          0x00800081        0x0 f:/imt/embedded avr diploma/avr-ide/imt_sdk_win_64/winavr/bin/../lib/gcc/avr/4.3.3/avr5\libgcc.a(_addsub_sf.o)
 .data          0x00800081        0x0 f:/imt/embedded avr diploma/avr-ide/imt_sdk_win_64/winavr/bin/../lib/gcc/avr/4.3.3/avr5\libgcc.a(_mul_sf.o)
 .data          0x00800081        0x0 f:/imt/embedded avr diploma/avr-ide/imt_sdk_win_64/winavr/bin/../lib/gcc/avr/4.3.3/avr5\libgcc.a(_div_sf.o)
 .data          0x00800081        0x0 f:/imt/embedded avr diploma/avr-ide/imt_sdk_win_64/winavr/bin/../lib/gcc/avr/4.3.3/avr5\libgcc.a(_gt_sf.o)
 .data          0x00800081        0x0 f:/imt/embedded avr diploma/avr-ide/imt_sdk_win_64/winavr/bin/../lib/gcc/avr/4.3.3/avr5\libgcc.a(_ge_sf.o)
 .data          0x00800081        0x0 f:/imt/embedded avr diploma/avr-ide/imt_sdk_win_64/winavr/bin/../lib/gcc/avr/4.3.3/avr5\libgcc.a(_lt_sf.o)
 .data          0x00800081        0x0 f:/imt/embedded avr diploma/avr-ide/imt_sdk_win_64/winavr/bin/../lib/gcc/avr/4.3.3/avr5\libgcc.a(_sf_to_si.o)
 .data          0x00800081        0x8 f:/imt/embedded avr diploma/avr-ide/imt_sdk_win_64/winavr/bin/../lib/gcc/avr/4.3.3/avr5\libgcc.a(_thenan_sf.o)
                0x00800081                __thenan_sf
 .data          0x00800089        0x0 f:/imt/embedded avr diploma/avr-ide/imt_sdk_win_64/winavr/bin/../lib/gcc/avr/4.3.3/avr5\libgcc.a(_prologue.o)
 .data          0x00800089        0x0 f:/imt/embedded avr diploma/avr-ide/imt_sdk_win_64/winavr/bin/../lib/gcc/avr/4.3.3/avr5\libgcc.a(_epilogue.o)
 .data          0x00800089        0x0 f:/imt/embedded avr diploma/avr-ide/imt_sdk_win_64/winavr/bin/../lib/gcc/avr/4.3.3/avr5\libgcc.a(_pack_sf.o)
 .data          0x00800089        0x0 f:/imt/embedded avr diploma/avr-ide/imt_sdk_win_64/winavr/bin/../lib/gcc/avr/4.3.3/avr5\libgcc.a(_unpack_sf.o)
 .data          0x00800089        0x0 f:/imt/embedded avr diploma/avr-ide/imt_sdk_win_64/winavr/bin/../lib/gcc/avr/4.3.3/avr5\libgcc.a(_fpcmp_parts_sf.o)
 *(.data*)
 .data.KEYPAD_u8aKeyPadMap_Calc
                0x00800089       0x10 ./HAL/KeyPad_Handler/KeyPad_cfg.o
                0x00800089                KEYPAD_u8aKeyPadMap_Calc
 .data.KEYPAD_u8aKeyPadMap_Lock
                0x00800099       0x10 ./HAL/KeyPad_Handler/KeyPad_cfg.o
                0x00800099                KEYPAD_u8aKeyPadMap_Lock
 *(.rodata)
 *(.rodata*)
 *(.gnu.linkonce.d*)
                0x008000aa                . = ALIGN (0x2)
 *fill*         0x008000a9        0x1 00
                0x008000aa                _edata = .
                0x008000aa                PROVIDE (__data_end, .)

.bss            0x008000aa       0x1a
                0x008000aa                PROVIDE (__bss_start, .)
 *(.bss)
 .bss           0x008000aa        0x0 f:/imt/embedded avr diploma/avr-ide/imt_sdk_win_64/winavr/bin/../lib/gcc/avr/4.3.3/../../../../avr/lib/avr5/crtm32.o
 .bss           0x008000aa        0x0 ./MCAL/Timer_V2/Timer_prg.o
 .bss           0x008000aa        0x0 ./MCAL/EXTINT_V1/EXTINT_Prg.o
 .bss           0x008000aa        0x0 ./MCAL/DIO_V1/DIO_Prg.o
 .bss           0x008000aa        0x0 ./HAL/LCD_Handler/LCD_Prg.o
 .bss           0x008000aa        0x0 ./HAL/KeyPad_Handler/KeyPad_cfg.o
 .bss           0x008000aa        0x0 ./HAL/KeyPad_Handler/KeyPad_prg.o
 .bss           0x008000aa        0x0 ./App/main.o
 .bss           0x008000aa        0x0 f:/imt/embedded avr diploma/avr-ide/imt_sdk_win_64/winavr/bin/../lib/gcc/avr/4.3.3/avr5\libgcc.a(_udivmodhi4.o)
 .bss           0x008000aa        0x0 f:/imt/embedded avr diploma/avr-ide/imt_sdk_win_64/winavr/bin/../lib/gcc/avr/4.3.3/avr5\libgcc.a(_udivmodsi4.o)
 .bss           0x008000aa        0x0 f:/imt/embedded avr diploma/avr-ide/imt_sdk_win_64/winavr/bin/../lib/gcc/avr/4.3.3/avr5\libgcc.a(_exit.o)
 .bss           0x008000aa        0x0 f:/imt/embedded avr diploma/avr-ide/imt_sdk_win_64/winavr/bin/../lib/gcc/avr/4.3.3/avr5\libgcc.a(_copy_data.o)
 .bss           0x008000aa        0x0 f:/imt/embedded avr diploma/avr-ide/imt_sdk_win_64/winavr/bin/../lib/gcc/avr/4.3.3/avr5\libgcc.a(_clear_bss.o)
 .bss           0x008000aa        0x0 f:/imt/embedded avr diploma/avr-ide/imt_sdk_win_64/winavr/bin/../lib/gcc/avr/4.3.3/avr5\libgcc.a(_fixunssfsi.o)
 .bss           0x008000aa        0x0 f:/imt/embedded avr diploma/avr-ide/imt_sdk_win_64/winavr/bin/../lib/gcc/avr/4.3.3/avr5\libgcc.a(_addsub_sf.o)
 .bss           0x008000aa        0x0 f:/imt/embedded avr diploma/avr-ide/imt_sdk_win_64/winavr/bin/../lib/gcc/avr/4.3.3/avr5\libgcc.a(_mul_sf.o)
 .bss           0x008000aa        0x0 f:/imt/embedded avr diploma/avr-ide/imt_sdk_win_64/winavr/bin/../lib/gcc/avr/4.3.3/avr5\libgcc.a(_div_sf.o)
 .bss           0x008000aa        0x0 f:/imt/embedded avr diploma/avr-ide/imt_sdk_win_64/winavr/bin/../lib/gcc/avr/4.3.3/avr5\libgcc.a(_gt_sf.o)
 .bss           0x008000aa        0x0 f:/imt/embedded avr diploma/avr-ide/imt_sdk_win_64/winavr/bin/../lib/gcc/avr/4.3.3/avr5\libgcc.a(_ge_sf.o)
 .bss           0x008000aa        0x0 f:/imt/embedded avr diploma/avr-ide/imt_sdk_win_64/winavr/bin/../lib/gcc/avr/4.3.3/avr5\libgcc.a(_lt_sf.o)
 .bss           0x008000aa        0x0 f:/imt/embedded avr diploma/avr-ide/imt_sdk_win_64/winavr/bin/../lib/gcc/avr/4.3.3/avr5\libgcc.a(_sf_to_si.o)
 .bss           0x008000aa        0x0 f:/imt/embedded avr diploma/avr-ide/imt_sdk_win_64/winavr/bin/../lib/gcc/avr/4.3.3/avr5\libgcc.a(_thenan_sf.o)
 .bss           0x008000aa        0x0 f:/imt/embedded avr diploma/avr-ide/imt_sdk_win_64/winavr/bin/../lib/gcc/avr/4.3.3/avr5\libgcc.a(_prologue.o)
 .bss           0x008000aa        0x0 f:/imt/embedded avr diploma/avr-ide/imt_sdk_win_64/winavr/bin/../lib/gcc/avr/4.3.3/avr5\libgcc.a(_epilogue.o)
 .bss           0x008000aa        0x0 f:/imt/embedded avr diploma/avr-ide/imt_sdk_win_64/winavr/bin/../lib/gcc/avr/4.3.3/avr5\libgcc.a(_pack_sf.o)
 .bss           0x008000aa        0x0 f:/imt/embedded avr diploma/avr-ide/imt_sdk_win_64/winavr/bin/../lib/gcc/avr/4.3.3/avr5\libgcc.a(_unpack_sf.o)
 .bss           0x008000aa        0x0 f:/imt/embedded avr diploma/avr-ide/imt_sdk_win_64/winavr/bin/../lib/gcc/avr/4.3.3/avr5\libgcc.a(_fpcmp_parts_sf.o)
 *(.bss*)
 .bss.global_u8Angles
                0x008000aa        0x1 ./App/main.o
                0x008000aa                global_u8Angles
 .bss.Local_u8OVFCounter.1512
                0x008000ab        0x1 ./App/main.o
 *(COMMON)
 COMMON         0x008000ac       0x10 ./MCAL/Timer_V2/Timer_prg.o
                0x008000ac                TIMER_ISR
 COMMON         0x008000bc        0x8 ./MCAL/EXTINT_V1/EXTINT_Prg.o
                0x008000bc                EN_Reg
                0x008000bd                Temp_Reg
                0x008000be                EXTINT_ISR
                0x008000c4                PROVIDE (__bss_end, .)
                0x000040de                __data_load_start = LOADADDR (.data)
                0x00004128                __data_load_end = (__data_load_start + SIZEOF (.data))

.noinit         0x008000c4        0x0
                0x008000c4                PROVIDE (__noinit_start, .)
 *(.noinit*)
                0x008000c4                PROVIDE (__noinit_end, .)
                0x008000c4                _end = .
                0x008000c4                PROVIDE (__heap_start, .)

.eeprom         0x00810000        0x0
 *(.eeprom*)
                0x00810000                __eeprom_end = .

.fuse
 *(.fuse)
 *(.lfuse)
 *(.hfuse)
 *(.efuse)

.lock
 *(.lock*)

.signature
 *(.signature*)

.stab           0x00000000     0x4278
 *(.stab)
 .stab          0x00000000      0xe58 ./MCAL/Timer_V2/Timer_prg.o
 .stab          0x00000e58      0x60c ./MCAL/EXTINT_V1/EXTINT_Prg.o
                                0x618 (size before relaxing)
 .stab          0x00001464      0x8a0 ./MCAL/DIO_V1/DIO_Prg.o
                                0x8ac (size before relaxing)
 .stab          0x00001d04     0x189c ./HAL/LCD_Handler/LCD_Prg.o
                               0x18a8 (size before relaxing)
 .stab          0x000035a0      0x168 ./HAL/KeyPad_Handler/KeyPad_cfg.o
                                0x174 (size before relaxing)
 .stab          0x00003708      0x4ec ./HAL/KeyPad_Handler/KeyPad_prg.o
                                0x6f0 (size before relaxing)
 .stab          0x00003bf4      0x684 ./App/main.o
                                0x690 (size before relaxing)

.stabstr        0x00000000     0x3ce1
 *(.stabstr)
 .stabstr       0x00000000     0x3ce1 ./MCAL/Timer_V2/Timer_prg.o

.stab.excl
 *(.stab.excl)

.stab.exclstr
 *(.stab.exclstr)

.stab.index
 *(.stab.index)

.stab.indexstr
 *(.stab.indexstr)

.comment
 *(.comment)

.debug
 *(.debug)

.line
 *(.line)

.debug_srcinfo
 *(.debug_srcinfo)

.debug_sfnames
 *(.debug_sfnames)

.debug_aranges  0x00000000      0x160
 *(.debug_aranges)
 .debug_aranges
                0x00000000       0x20 f:/imt/embedded avr diploma/avr-ide/imt_sdk_win_64/winavr/bin/../lib/gcc/avr/4.3.3/avr5\libgcc.a(_fixunssfsi.o)
 .debug_aranges
                0x00000020       0x20 f:/imt/embedded avr diploma/avr-ide/imt_sdk_win_64/winavr/bin/../lib/gcc/avr/4.3.3/avr5\libgcc.a(_addsub_sf.o)
 .debug_aranges
                0x00000040       0x20 f:/imt/embedded avr diploma/avr-ide/imt_sdk_win_64/winavr/bin/../lib/gcc/avr/4.3.3/avr5\libgcc.a(_mul_sf.o)
 .debug_aranges
                0x00000060       0x20 f:/imt/embedded avr diploma/avr-ide/imt_sdk_win_64/winavr/bin/../lib/gcc/avr/4.3.3/avr5\libgcc.a(_div_sf.o)
 .debug_aranges
                0x00000080       0x20 f:/imt/embedded avr diploma/avr-ide/imt_sdk_win_64/winavr/bin/../lib/gcc/avr/4.3.3/avr5\libgcc.a(_gt_sf.o)
 .debug_aranges
                0x000000a0       0x20 f:/imt/embedded avr diploma/avr-ide/imt_sdk_win_64/winavr/bin/../lib/gcc/avr/4.3.3/avr5\libgcc.a(_ge_sf.o)
 .debug_aranges
                0x000000c0       0x20 f:/imt/embedded avr diploma/avr-ide/imt_sdk_win_64/winavr/bin/../lib/gcc/avr/4.3.3/avr5\libgcc.a(_lt_sf.o)
 .debug_aranges
                0x000000e0       0x20 f:/imt/embedded avr diploma/avr-ide/imt_sdk_win_64/winavr/bin/../lib/gcc/avr/4.3.3/avr5\libgcc.a(_sf_to_si.o)
 .debug_aranges
                0x00000100       0x20 f:/imt/embedded avr diploma/avr-ide/imt_sdk_win_64/winavr/bin/../lib/gcc/avr/4.3.3/avr5\libgcc.a(_pack_sf.o)
 .debug_aranges
                0x00000120       0x20 f:/imt/embedded avr diploma/avr-ide/imt_sdk_win_64/winavr/bin/../lib/gcc/avr/4.3.3/avr5\libgcc.a(_unpack_sf.o)
 .debug_aranges
                0x00000140       0x20 f:/imt/embedded avr diploma/avr-ide/imt_sdk_win_64/winavr/bin/../lib/gcc/avr/4.3.3/avr5\libgcc.a(_fpcmp_parts_sf.o)

.debug_pubnames
                0x00000000      0x18f
 *(.debug_pubnames)
 .debug_pubnames
                0x00000000       0x23 f:/imt/embedded avr diploma/avr-ide/imt_sdk_win_64/winavr/bin/../lib/gcc/avr/4.3.3/avr5\libgcc.a(_fixunssfsi.o)
 .debug_pubnames
                0x00000023       0x2c f:/imt/embedded avr diploma/avr-ide/imt_sdk_win_64/winavr/bin/../lib/gcc/avr/4.3.3/avr5\libgcc.a(_addsub_sf.o)
 .debug_pubnames
                0x0000004f       0x1f f:/imt/embedded avr diploma/avr-ide/imt_sdk_win_64/winavr/bin/../lib/gcc/avr/4.3.3/avr5\libgcc.a(_mul_sf.o)
 .debug_pubnames
                0x0000006e       0x1f f:/imt/embedded avr diploma/avr-ide/imt_sdk_win_64/winavr/bin/../lib/gcc/avr/4.3.3/avr5\libgcc.a(_div_sf.o)
 .debug_pubnames
                0x0000008d       0x1e f:/imt/embedded avr diploma/avr-ide/imt_sdk_win_64/winavr/bin/../lib/gcc/avr/4.3.3/avr5\libgcc.a(_gt_sf.o)
 .debug_pubnames
                0x000000ab       0x1e f:/imt/embedded avr diploma/avr-ide/imt_sdk_win_64/winavr/bin/../lib/gcc/avr/4.3.3/avr5\libgcc.a(_ge_sf.o)
 .debug_pubnames
                0x000000c9       0x1e f:/imt/embedded avr diploma/avr-ide/imt_sdk_win_64/winavr/bin/../lib/gcc/avr/4.3.3/avr5\libgcc.a(_lt_sf.o)
 .debug_pubnames
                0x000000e7       0x20 f:/imt/embedded avr diploma/avr-ide/imt_sdk_win_64/winavr/bin/../lib/gcc/avr/4.3.3/avr5\libgcc.a(_sf_to_si.o)
 .debug_pubnames
                0x00000107       0x22 f:/imt/embedded avr diploma/avr-ide/imt_sdk_win_64/winavr/bin/../lib/gcc/avr/4.3.3/avr5\libgcc.a(_thenan_sf.o)
 .debug_pubnames
                0x00000129       0x1f f:/imt/embedded avr diploma/avr-ide/imt_sdk_win_64/winavr/bin/../lib/gcc/avr/4.3.3/avr5\libgcc.a(_pack_sf.o)
 .debug_pubnames
                0x00000148       0x21 f:/imt/embedded avr diploma/avr-ide/imt_sdk_win_64/winavr/bin/../lib/gcc/avr/4.3.3/avr5\libgcc.a(_unpack_sf.o)
 .debug_pubnames
                0x00000169       0x26 f:/imt/embedded avr diploma/avr-ide/imt_sdk_win_64/winavr/bin/../lib/gcc/avr/4.3.3/avr5\libgcc.a(_fpcmp_parts_sf.o)

.debug_info     0x00000000     0x2045
 *(.debug_info)
 .debug_info    0x00000000       0xb1 f:/imt/embedded avr diploma/avr-ide/imt_sdk_win_64/winavr/bin/../lib/gcc/avr/4.3.3/avr5\libgcc.a(_fixunssfsi.o)
 .debug_info    0x000000b1      0x47a f:/imt/embedded avr diploma/avr-ide/imt_sdk_win_64/winavr/bin/../lib/gcc/avr/4.3.3/avr5\libgcc.a(_addsub_sf.o)
 .debug_info    0x0000052b      0x485 f:/imt/embedded avr diploma/avr-ide/imt_sdk_win_64/winavr/bin/../lib/gcc/avr/4.3.3/avr5\libgcc.a(_mul_sf.o)
 .debug_info    0x000009b0      0x3fc f:/imt/embedded avr diploma/avr-ide/imt_sdk_win_64/winavr/bin/../lib/gcc/avr/4.3.3/avr5\libgcc.a(_div_sf.o)
 .debug_info    0x00000dac      0x27f f:/imt/embedded avr diploma/avr-ide/imt_sdk_win_64/winavr/bin/../lib/gcc/avr/4.3.3/avr5\libgcc.a(_gt_sf.o)
 .debug_info    0x0000102b      0x27f f:/imt/embedded avr diploma/avr-ide/imt_sdk_win_64/winavr/bin/../lib/gcc/avr/4.3.3/avr5\libgcc.a(_ge_sf.o)
 .debug_info    0x000012aa      0x27f f:/imt/embedded avr diploma/avr-ide/imt_sdk_win_64/winavr/bin/../lib/gcc/avr/4.3.3/avr5\libgcc.a(_lt_sf.o)
 .debug_info    0x00001529      0x2b0 f:/imt/embedded avr diploma/avr-ide/imt_sdk_win_64/winavr/bin/../lib/gcc/avr/4.3.3/avr5\libgcc.a(_sf_to_si.o)
 .debug_info    0x000017d9      0x12c f:/imt/embedded avr diploma/avr-ide/imt_sdk_win_64/winavr/bin/../lib/gcc/avr/4.3.3/avr5\libgcc.a(_thenan_sf.o)
 .debug_info    0x00001905      0x2df f:/imt/embedded avr diploma/avr-ide/imt_sdk_win_64/winavr/bin/../lib/gcc/avr/4.3.3/avr5\libgcc.a(_pack_sf.o)
 .debug_info    0x00001be4      0x251 f:/imt/embedded avr diploma/avr-ide/imt_sdk_win_64/winavr/bin/../lib/gcc/avr/4.3.3/avr5\libgcc.a(_unpack_sf.o)
 .debug_info    0x00001e35      0x210 f:/imt/embedded avr diploma/avr-ide/imt_sdk_win_64/winavr/bin/../lib/gcc/avr/4.3.3/avr5\libgcc.a(_fpcmp_parts_sf.o)
 *(.gnu.linkonce.wi.*)

.debug_abbrev   0x00000000     0x1101
 *(.debug_abbrev)
 .debug_abbrev  0x00000000       0x5d f:/imt/embedded avr diploma/avr-ide/imt_sdk_win_64/winavr/bin/../lib/gcc/avr/4.3.3/avr5\libgcc.a(_fixunssfsi.o)
 .debug_abbrev  0x0000005d      0x1ea f:/imt/embedded avr diploma/avr-ide/imt_sdk_win_64/winavr/bin/../lib/gcc/avr/4.3.3/avr5\libgcc.a(_addsub_sf.o)
 .debug_abbrev  0x00000247      0x21b f:/imt/embedded avr diploma/avr-ide/imt_sdk_win_64/winavr/bin/../lib/gcc/avr/4.3.3/avr5\libgcc.a(_mul_sf.o)
 .debug_abbrev  0x00000462      0x216 f:/imt/embedded avr diploma/avr-ide/imt_sdk_win_64/winavr/bin/../lib/gcc/avr/4.3.3/avr5\libgcc.a(_div_sf.o)
 .debug_abbrev  0x00000678      0x15a f:/imt/embedded avr diploma/avr-ide/imt_sdk_win_64/winavr/bin/../lib/gcc/avr/4.3.3/avr5\libgcc.a(_gt_sf.o)
 .debug_abbrev  0x000007d2      0x15a f:/imt/embedded avr diploma/avr-ide/imt_sdk_win_64/winavr/bin/../lib/gcc/avr/4.3.3/avr5\libgcc.a(_ge_sf.o)
 .debug_abbrev  0x0000092c      0x15a f:/imt/embedded avr diploma/avr-ide/imt_sdk_win_64/winavr/bin/../lib/gcc/avr/4.3.3/avr5\libgcc.a(_lt_sf.o)
 .debug_abbrev  0x00000a86      0x17f f:/imt/embedded avr diploma/avr-ide/imt_sdk_win_64/winavr/bin/../lib/gcc/avr/4.3.3/avr5\libgcc.a(_sf_to_si.o)
 .debug_abbrev  0x00000c05       0xad f:/imt/embedded avr diploma/avr-ide/imt_sdk_win_64/winavr/bin/../lib/gcc/avr/4.3.3/avr5\libgcc.a(_thenan_sf.o)
 .debug_abbrev  0x00000cb2      0x1c0 f:/imt/embedded avr diploma/avr-ide/imt_sdk_win_64/winavr/bin/../lib/gcc/avr/4.3.3/avr5\libgcc.a(_pack_sf.o)
 .debug_abbrev  0x00000e72      0x154 f:/imt/embedded avr diploma/avr-ide/imt_sdk_win_64/winavr/bin/../lib/gcc/avr/4.3.3/avr5\libgcc.a(_unpack_sf.o)
 .debug_abbrev  0x00000fc6      0x13b f:/imt/embedded avr diploma/avr-ide/imt_sdk_win_64/winavr/bin/../lib/gcc/avr/4.3.3/avr5\libgcc.a(_fpcmp_parts_sf.o)

.debug_line     0x00000000      0xf82
 *(.debug_line)
 .debug_line    0x00000000       0xa7 f:/imt/embedded avr diploma/avr-ide/imt_sdk_win_64/winavr/bin/../lib/gcc/avr/4.3.3/avr5\libgcc.a(_fixunssfsi.o)
 .debug_line    0x000000a7      0x2af f:/imt/embedded avr diploma/avr-ide/imt_sdk_win_64/winavr/bin/../lib/gcc/avr/4.3.3/avr5\libgcc.a(_addsub_sf.o)
 .debug_line    0x00000356      0x239 f:/imt/embedded avr diploma/avr-ide/imt_sdk_win_64/winavr/bin/../lib/gcc/avr/4.3.3/avr5\libgcc.a(_mul_sf.o)
 .debug_line    0x0000058f      0x1d5 f:/imt/embedded avr diploma/avr-ide/imt_sdk_win_64/winavr/bin/../lib/gcc/avr/4.3.3/avr5\libgcc.a(_div_sf.o)
 .debug_line    0x00000764       0xd3 f:/imt/embedded avr diploma/avr-ide/imt_sdk_win_64/winavr/bin/../lib/gcc/avr/4.3.3/avr5\libgcc.a(_gt_sf.o)
 .debug_line    0x00000837       0xd3 f:/imt/embedded avr diploma/avr-ide/imt_sdk_win_64/winavr/bin/../lib/gcc/avr/4.3.3/avr5\libgcc.a(_ge_sf.o)
 .debug_line    0x0000090a       0xd3 f:/imt/embedded avr diploma/avr-ide/imt_sdk_win_64/winavr/bin/../lib/gcc/avr/4.3.3/avr5\libgcc.a(_lt_sf.o)
 .debug_line    0x000009dd      0x109 f:/imt/embedded avr diploma/avr-ide/imt_sdk_win_64/winavr/bin/../lib/gcc/avr/4.3.3/avr5\libgcc.a(_sf_to_si.o)
 .debug_line    0x00000ae6       0x90 f:/imt/embedded avr diploma/avr-ide/imt_sdk_win_64/winavr/bin/../lib/gcc/avr/4.3.3/avr5\libgcc.a(_thenan_sf.o)
 .debug_line    0x00000b76      0x18a f:/imt/embedded avr diploma/avr-ide/imt_sdk_win_64/winavr/bin/../lib/gcc/avr/4.3.3/avr5\libgcc.a(_pack_sf.o)
 .debug_line    0x00000d00      0x14b f:/imt/embedded avr diploma/avr-ide/imt_sdk_win_64/winavr/bin/../lib/gcc/avr/4.3.3/avr5\libgcc.a(_unpack_sf.o)
 .debug_line    0x00000e4b      0x137 f:/imt/embedded avr diploma/avr-ide/imt_sdk_win_64/winavr/bin/../lib/gcc/avr/4.3.3/avr5\libgcc.a(_fpcmp_parts_sf.o)

.debug_frame    0x00000000      0x180
 *(.debug_frame)
 .debug_frame   0x00000000       0x20 f:/imt/embedded avr diploma/avr-ide/imt_sdk_win_64/winavr/bin/../lib/gcc/avr/4.3.3/avr5\libgcc.a(_fixunssfsi.o)
 .debug_frame   0x00000020       0x40 f:/imt/embedded avr diploma/avr-ide/imt_sdk_win_64/winavr/bin/../lib/gcc/avr/4.3.3/avr5\libgcc.a(_addsub_sf.o)
 .debug_frame   0x00000060       0x20 f:/imt/embedded avr diploma/avr-ide/imt_sdk_win_64/winavr/bin/../lib/gcc/avr/4.3.3/avr5\libgcc.a(_mul_sf.o)
 .debug_frame   0x00000080       0x20 f:/imt/embedded avr diploma/avr-ide/imt_sdk_win_64/winavr/bin/../lib/gcc/avr/4.3.3/avr5\libgcc.a(_div_sf.o)
 .debug_frame   0x000000a0       0x20 f:/imt/embedded avr diploma/avr-ide/imt_sdk_win_64/winavr/bin/../lib/gcc/avr/4.3.3/avr5\libgcc.a(_gt_sf.o)
 .debug_frame   0x000000c0       0x20 f:/imt/embedded avr diploma/avr-ide/imt_sdk_win_64/winavr/bin/../lib/gcc/avr/4.3.3/avr5\libgcc.a(_ge_sf.o)
 .debug_frame   0x000000e0       0x20 f:/imt/embedded avr diploma/avr-ide/imt_sdk_win_64/winavr/bin/../lib/gcc/avr/4.3.3/avr5\libgcc.a(_lt_sf.o)
 .debug_frame   0x00000100       0x20 f:/imt/embedded avr diploma/avr-ide/imt_sdk_win_64/winavr/bin/../lib/gcc/avr/4.3.3/avr5\libgcc.a(_sf_to_si.o)
 .debug_frame   0x00000120       0x20 f:/imt/embedded avr diploma/avr-ide/imt_sdk_win_64/winavr/bin/../lib/gcc/avr/4.3.3/avr5\libgcc.a(_pack_sf.o)
 .debug_frame   0x00000140       0x20 f:/imt/embedded avr diploma/avr-ide/imt_sdk_win_64/winavr/bin/../lib/gcc/avr/4.3.3/avr5\libgcc.a(_unpack_sf.o)
 .debug_frame   0x00000160       0x20 f:/imt/embedded avr diploma/avr-ide/imt_sdk_win_64/winavr/bin/../lib/gcc/avr/4.3.3/avr5\libgcc.a(_fpcmp_parts_sf.o)

.debug_str      0x00000000      0x2c2
 *(.debug_str)
 .debug_str     0x00000000       0xbf f:/imt/embedded avr diploma/avr-ide/imt_sdk_win_64/winavr/bin/../lib/gcc/avr/4.3.3/avr5\libgcc.a(_fixunssfsi.o)
                                 0xfe (size before relaxing)
 .debug_str     0x000000bf      0x14d f:/imt/embedded avr diploma/avr-ide/imt_sdk_win_64/winavr/bin/../lib/gcc/avr/4.3.3/avr5\libgcc.a(_addsub_sf.o)
                                0x206 (size before relaxing)
 .debug_str     0x0000020c       0x27 f:/imt/embedded avr diploma/avr-ide/imt_sdk_win_64/winavr/bin/../lib/gcc/avr/4.3.3/avr5\libgcc.a(_mul_sf.o)
                                0x1bf (size before relaxing)
 .debug_str     0x00000233       0x35 f:/imt/embedded avr diploma/avr-ide/imt_sdk_win_64/winavr/bin/../lib/gcc/avr/4.3.3/avr5\libgcc.a(_div_sf.o)
                                0x1c8 (size before relaxing)
 .debug_str     0x00000268        0xf f:/imt/embedded avr diploma/avr-ide/imt_sdk_win_64/winavr/bin/../lib/gcc/avr/4.3.3/avr5\libgcc.a(_gt_sf.o)
                                0x195 (size before relaxing)
 .debug_str     0x00000277        0x8 f:/imt/embedded avr diploma/avr-ide/imt_sdk_win_64/winavr/bin/../lib/gcc/avr/4.3.3/avr5\libgcc.a(_ge_sf.o)
                                0x195 (size before relaxing)
 .debug_str     0x0000027f        0x8 f:/imt/embedded avr diploma/avr-ide/imt_sdk_win_64/winavr/bin/../lib/gcc/avr/4.3.3/avr5\libgcc.a(_lt_sf.o)
                                0x195 (size before relaxing)
 .debug_str     0x00000287        0xa f:/imt/embedded avr diploma/avr-ide/imt_sdk_win_64/winavr/bin/../lib/gcc/avr/4.3.3/avr5\libgcc.a(_sf_to_si.o)
                                0x19e (size before relaxing)
 .debug_str     0x00000000      0x103 f:/imt/embedded avr diploma/avr-ide/imt_sdk_win_64/winavr/bin/../lib/gcc/avr/4.3.3/avr5\libgcc.a(_thenan_sf.o)
 .debug_str     0x00000291       0x16 f:/imt/embedded avr diploma/avr-ide/imt_sdk_win_64/winavr/bin/../lib/gcc/avr/4.3.3/avr5\libgcc.a(_pack_sf.o)
                                0x19d (size before relaxing)
 .debug_str     0x000002a7        0xb f:/imt/embedded avr diploma/avr-ide/imt_sdk_win_64/winavr/bin/../lib/gcc/avr/4.3.3/avr5\libgcc.a(_unpack_sf.o)
                                0x17f (size before relaxing)
 .debug_str     0x000002b2       0x10 f:/imt/embedded avr diploma/avr-ide/imt_sdk_win_64/winavr/bin/../lib/gcc/avr/4.3.3/avr5\libgcc.a(_fpcmp_parts_sf.o)
                                0x163 (size before relaxing)

.debug_loc      0x00000000      0x88e
 *(.debug_loc)
 .debug_loc     0x00000000       0x34 f:/imt/embedded avr diploma/avr-ide/imt_sdk_win_64/winavr/bin/../lib/gcc/avr/4.3.3/avr5\libgcc.a(_fixunssfsi.o)
 .debug_loc     0x00000034      0x32a f:/imt/embedded avr diploma/avr-ide/imt_sdk_win_64/winavr/bin/../lib/gcc/avr/4.3.3/avr5\libgcc.a(_addsub_sf.o)
 .debug_loc     0x0000035e      0x104 f:/imt/embedded avr diploma/avr-ide/imt_sdk_win_64/winavr/bin/../lib/gcc/avr/4.3.3/avr5\libgcc.a(_mul_sf.o)
 .debug_loc     0x00000462       0xc0 f:/imt/embedded avr diploma/avr-ide/imt_sdk_win_64/winavr/bin/../lib/gcc/avr/4.3.3/avr5\libgcc.a(_div_sf.o)
 .debug_loc     0x00000522       0x3c f:/imt/embedded avr diploma/avr-ide/imt_sdk_win_64/winavr/bin/../lib/gcc/avr/4.3.3/avr5\libgcc.a(_gt_sf.o)
 .debug_loc     0x0000055e       0x3c f:/imt/embedded avr diploma/avr-ide/imt_sdk_win_64/winavr/bin/../lib/gcc/avr/4.3.3/avr5\libgcc.a(_ge_sf.o)
 .debug_loc     0x0000059a       0x3c f:/imt/embedded avr diploma/avr-ide/imt_sdk_win_64/winavr/bin/../lib/gcc/avr/4.3.3/avr5\libgcc.a(_lt_sf.o)
 .debug_loc     0x000005d6       0x7e f:/imt/embedded avr diploma/avr-ide/imt_sdk_win_64/winavr/bin/../lib/gcc/avr/4.3.3/avr5\libgcc.a(_sf_to_si.o)
 .debug_loc     0x00000654      0x13e f:/imt/embedded avr diploma/avr-ide/imt_sdk_win_64/winavr/bin/../lib/gcc/avr/4.3.3/avr5\libgcc.a(_pack_sf.o)
 .debug_loc     0x00000792       0xac f:/imt/embedded avr diploma/avr-ide/imt_sdk_win_64/winavr/bin/../lib/gcc/avr/4.3.3/avr5\libgcc.a(_unpack_sf.o)
 .debug_loc     0x0000083e       0x50 f:/imt/embedded avr diploma/avr-ide/imt_sdk_win_64/winavr/bin/../lib/gcc/avr/4.3.3/avr5\libgcc.a(_fpcmp_parts_sf.o)

.debug_macinfo
 *(.debug_macinfo)
OUTPUT(ServoMotorControl.elf elf32-avr)
LOAD linker stubs

.debug_ranges   0x00000000       0x50
 .debug_ranges  0x00000000       0x50 f:/imt/embedded avr diploma/avr-ide/imt_sdk_win_64/winavr/bin/../lib/gcc/avr/4.3.3/avr5\libgcc.a(_mul_sf.o)
